<html>
<body>
<pre>
<h1>µVision Build Log</h1>
<h2>Tool Versions:</h2>
IDE-Version: µVision V5.28.0.0
Copyright (C) 2019 ARM Ltd and ARM Germany GmbH. All rights reserved.
License Information: Vasileios Kaddas, Hewlett-Packard, LIC=----
 
Tool Versions:
Toolchain:       MDK-Lite  Version: 5.28.0.0
Toolchain Path:  C:\Keil_v5\ARM\ARMCC\Bin
C Compiler:      Armcc.exe V5.06 update 6 (build 750)
Assembler:       Armasm.exe V5.06 update 6 (build 750)
Linker/Locator:  ArmLink.exe V5.06 update 6 (build 750)
Library Manager: ArmAr.exe V5.06 update 6 (build 750)
Hex Converter:   FromElf.exe V5.06 update 6 (build 750)
CPU DLL:         SARMCM3.DLL V5.28.0.0
Dialog DLL:      DCM.DLL V1.17.3.0
Target DLL:      STLink\ST-LINKIII-KEIL_SWO.dll V3.0.6.0
Dialog DLL:      TCM.DLL V1.36.2.0
 
<h2>Project:</h2>
C:\Users\bilak\Desktop\Basileios\Aristurtle\Projects\October 2019\BMS_Code v4\MDK-ARM\BMS_Code_v4.uvprojx
Project File Date:  10/22/2019

<h2>Output:</h2>
*** Using Compiler 'V5.06 update 6 (build 750)', folder: 'C:\Keil_v5\ARM\ARMCC\Bin'
Build target 'BMS_Code_v4'
compiling main.c...
../Inc/LTC681x.h(176): warning:  #1295-D: Deprecated declaration LTC681x_diagn - give arg types
  void LTC681x_diagn();
../Inc/LTC681x.h(180): warning:  #1295-D: Deprecated declaration LTC681x_pladc - give arg types
  uint8_t LTC681x_pladc();
../Inc/LTC681x.h(184): warning:  #1295-D: Deprecated declaration LTC681x_pollAdc - give arg types
  uint32_t LTC681x_pollAdc();
../Inc/LTC681x.h(316): warning:  #1295-D: Deprecated declaration LTC681x_clrcell - give arg types
  void LTC681x_clrcell();
../Inc/LTC681x.h(323): warning:  #1295-D: Deprecated declaration LTC681x_clraux - give arg types
  void LTC681x_clraux();
../Inc/LTC681x.h(331): warning:  #1295-D: Deprecated declaration LTC681x_clrstat - give arg types
  void LTC681x_clrstat();
../Inc/LTC681x.h(339): warning:  #1295-D: Deprecated declaration LTC681x_clrsctrl - give arg types
  void LTC681x_clrsctrl();
../Inc/LTC681x.h(347): warning:  #1295-D: Deprecated declaration LTC681x_diagn - give arg types
  void LTC681x_diagn();
../Inc/LTC681x.h(429): warning:  #1295-D: Deprecated declaration LTC681x_stcomm - give arg types
  void LTC681x_stcomm();
../Inc/LTC6811.h(29): warning:  #1295-D: Deprecated declaration LTC6811_diagn - give arg types
  void LTC6811_diagn();
../Inc/LTC6811.h(34): warning:  #1295-D: Deprecated declaration LTC6811_pladc - give arg types
  uint8_t LTC6811_pladc();
../Inc/LTC6811.h(39): warning:  #1295-D: Deprecated declaration LTC6811_pollAdc - give arg types
  uint32_t LTC6811_pollAdc();
../Inc/LTC6811.h(163): warning:  #1295-D: Deprecated declaration LTC6811_clrcell - give arg types
  void LTC6811_clrcell();
../Inc/LTC6811.h(167): warning:  #1295-D: Deprecated declaration LTC6811_clraux - give arg types
  void LTC6811_clraux();
../Inc/LTC6811.h(171): warning:  #1295-D: Deprecated declaration LTC6811_clrstat - give arg types
  void LTC6811_clrstat();
../Inc/LTC6811.h(175): warning:  #1295-D: Deprecated declaration LTC6811_clrsctrl - give arg types
  void LTC6811_clrsctrl();
../Inc/LTC6811.h(235): warning:  #1295-D: Deprecated declaration LTC6811_stsctrl - give arg types
  void LTC6811_stsctrl();
../Inc/LTC6811.h(257): warning:  #1295-D: Deprecated declaration LTC6811_stcomm - give arg types
  void LTC6811_stcomm();
../Src/main.c(1239): warning:  #1035-D: single-precision operand implicitly converted to double-precision
  		Idc = (Idc - 2.66) / 5.7 * 1000.0;	//2.66 or 2.5 check
../Src/main.c: 19 warnings, 0 errors
linking...
Program Size: Code=24246 RO-data=1234 RW-data=128 ZI-data=3080  
FromELF: creating hex file...
"BMS_Code_v4\BMS_Code_v4.axf" - 0 Error(s), 19 Warning(s).

<h2>Software Packages used:</h2>

Package Vendor: ARM
                http://www.keil.com/pack/ARM.CMSIS.5.6.0.pack
                ARM.CMSIS.5.6.0
                CMSIS (Cortex Microcontroller Software Interface Standard)
   * Component: CORE Version: 5.3.0

Package Vendor: Keil
                http://www.keil.com/pack/Keil.STM32F4xx_DFP.2.13.0.pack
                Keil.STM32F4xx_DFP.2.13.0
                STMicroelectronics STM32F4 Series Device Support, Drivers and Examples

<h2>Collection of Component include folders:</h2>
  .\RTE\_BMS_Code_v4
  C:\Users\bilak\AppData\Local\Arm\Packs\ARM\CMSIS\5.6.0\CMSIS\Core\Include
  C:\Users\bilak\AppData\Local\Arm\Packs\Keil\STM32F4xx_DFP\2.13.0\Drivers\CMSIS\Device\ST\STM32F4xx\Include

<h2>Collection of Component Files used:</h2>

   * Component: ARM::CMSIS:CORE:5.3.0
Build Time Elapsed:  00:00:04
</pre>
</body>
</html>
